%!Adobe-FontList 1.20
%Locale:0x409

%BeginFont
Handler:DirectoryHandler
FontType:TrueType
FontName:Cambria
FamilyName:Cambria
StyleName:Regular
FullName:Cambria
MenuName:Cambria
StyleBits:0
WritingScript:Roman
OutlineFileName:C:\Brutus\Dakara\DrDNext\tmp\InDesignTest\UnicodeCharacters\Document fonts\cambria.ttc
TTCOffset:32
DataFormat:sfntData
hasSVG:no
VariableFontType:NonVariableFont
FileLength:1619740
FileModTime:1593705147
WeightClass:400
WidthClass:5
AngleClass:0
NameArray:0,Mac,4,Cambria
NameArray:0,Win,1,Cambria
%EndFont

%BeginFont
Handler:DirectoryHandler
FontType:TrueType
FontName:CambriaMath
FamilyName:Cambria Math
StyleName:Regular
FullName:Cambria Math
MenuName:Cambria Math
StyleBits:0
WritingScript:Roman
OutlineFileName:C:\Brutus\Dakara\DrDNext\tmp\InDesignTest\UnicodeCharacters\Document fonts\cambria.ttc
TTCOffset:364
DataFormat:sfntData
hasSVG:no
VariableFontType:NonVariableFont
FileLength:1619740
FileModTime:1593705147
WeightClass:400
WidthClass:5
AngleClass:0
NameArray:0,Mac,4,Cambria Math
NameArray:0,Win,1,Cambria Math
%EndFont

%BeginFont
Handler:DirectoryHandler
FontType:TrueType
FontName:EversonMono
FamilyName:Everson Mono
StyleName:Regular
FullName:EversonMono
MenuName:Everson Mono
StyleBits:0
WritingScript:Roman
OutlineFileName:C:\Brutus\Dakara\DrDNext\tmp\InDesignTest\UnicodeCharacters\Document fonts\everson-mono.ttf
DataFormat:sfntData
hasSVG:no
VariableFontType:NonVariableFont
FileLength:2010460
FileModTime:1505131160
WeightClass:400
WidthClass:5
AngleClass:1
NameArray:0,Mac,18,Everson Mono
NameArray:0,Mac,4,Everson Mono
NameArray:0,Win,1,Everson Mono
NameArray:0,Win,16,Everson Mono
%EndFont

%BeginFont
Handler:DirectoryHandler
FontType:TrueType
FontName:FreeSerif
FamilyName:FreeSerif
StyleName:Medium
FullName:Free Serif
MenuName:FreeSerif
StyleBits:0
WritingScript:Roman
OutlineFileName:C:\Brutus\Dakara\DrDNext\tmp\InDesignTest\UnicodeCharacters\Document fonts\FreeSerif-4aeK.ttf
DataFormat:sfntData
hasSVG:no
VariableFontType:NonVariableFont
FileLength:1687516
FileModTime:1577535358
WeightClass:400
WidthClass:5
AngleClass:0
NameArray:0,Mac,4,Free Serif
NameArray:0,Win,1,FreeSerif
%EndFont

%BeginFont
Handler:DirectoryHandler
FontType:Type1
FontName:FreeSerif
FamilyName:FreeSerif
StyleName:Medium
FullName:Free Serif
MenuName:FreeSerif
StyleBits:0
WritingScript:Roman
OutlineFileName:C:\Brutus\Dakara\DrDNext\tmp\InDesignTest\UnicodeCharacters\Document fonts\FreeSerif-YO4a.otf
DataFormat:sfntData
UsesStandardEncoding:yes
isCFF:yes
hasSVG:no
VariableFontType:NonVariableFont
FileLength:2184720
FileModTime:1577535356
WeightClass:400
WidthClass:5
AngleClass:0
NameArray:0,Mac,4,Free Serif
NameArray:0,Win,1,FreeSerif
%EndFont

%BeginFont
Handler:DirectoryHandler
FontType:TrueType
FontName:FreeSerifBold
FamilyName:FreeSerif
StyleName:Bold
FullName:Free Serif Bold
MenuName:FreeSerif
StyleBits:2
WritingScript:Roman
OutlineFileName:C:\Brutus\Dakara\DrDNext\tmp\InDesignTest\UnicodeCharacters\Document fonts\FreeSerifBold-eD53.ttf
DataFormat:sfntData
hasSVG:no
VariableFontType:NonVariableFont
FileLength:615292
FileModTime:1577535358
WeightClass:700
WidthClass:5
AngleClass:0
NameArray:0,Mac,4,Free Serif Bold
NameArray:0,Win,1,FreeSerif
%EndFont

%BeginFont
Handler:DirectoryHandler
FontType:Type1
FontName:FreeSerifBold
FamilyName:FreeSerif
StyleName:Bold
FullName:Free Serif Bold
MenuName:FreeSerif
StyleBits:2
WritingScript:Roman
OutlineFileName:C:\Brutus\Dakara\DrDNext\tmp\InDesignTest\UnicodeCharacters\Document fonts\FreeSerifBold-rdMp.otf
DataFormat:sfntData
UsesStandardEncoding:yes
isCFF:yes
hasSVG:no
VariableFontType:NonVariableFont
FileLength:619224
FileModTime:1577535356
WeightClass:700
WidthClass:5
AngleClass:0
NameArray:0,Mac,4,Free Serif Bold
NameArray:0,Win,1,FreeSerif
%EndFont

%BeginFont
Handler:DirectoryHandler
FontType:Type1
FontName:FreeSerifBoldItalic
FamilyName:FreeSerif
StyleName:BoldItalic
FullName:Free Serif Bold Italic
MenuName:FreeSerif
StyleBits:3
WritingScript:Roman
OutlineFileName:C:\Brutus\Dakara\DrDNext\tmp\InDesignTest\UnicodeCharacters\Document fonts\FreeSerifBoldItalic-MdKw.otf
DataFormat:sfntData
UsesStandardEncoding:yes
isCFF:yes
hasSVG:no
VariableFontType:NonVariableFont
FileLength:647288
FileModTime:1577535356
WeightClass:700
WidthClass:5
AngleClass:1
NameArray:0,Mac,4,Free Serif Bold Italic
NameArray:0,Win,1,FreeSerif
%EndFont

%BeginFont
Handler:DirectoryHandler
FontType:TrueType
FontName:FreeSerifBoldItalic
FamilyName:FreeSerif
StyleName:BoldItalic
FullName:Free Serif Bold Italic
MenuName:FreeSerif
StyleBits:3
WritingScript:Roman
OutlineFileName:C:\Brutus\Dakara\DrDNext\tmp\InDesignTest\UnicodeCharacters\Document fonts\FreeSerifBoldItalic-WX0A.ttf
DataFormat:sfntData
hasSVG:no
VariableFontType:NonVariableFont
FileLength:508412
FileModTime:1577535358
WeightClass:700
WidthClass:5
AngleClass:1
NameArray:0,Mac,4,Free Serif Bold Italic
NameArray:0,Win,1,FreeSerif
%EndFont

%BeginFont
Handler:DirectoryHandler
FontType:TrueType
FontName:FreeSerifItalic
FamilyName:FreeSerif
StyleName:Italic
FullName:Free Serif Italic
MenuName:FreeSerif
StyleBits:1
WritingScript:Roman
OutlineFileName:C:\Brutus\Dakara\DrDNext\tmp\InDesignTest\UnicodeCharacters\Document fonts\FreeSerifItalic-aZW5.ttf
DataFormat:sfntData
hasSVG:no
VariableFontType:NonVariableFont
FileLength:691448
FileModTime:1577535358
WeightClass:400
WidthClass:5
AngleClass:1
NameArray:0,Mac,4,Free Serif Italic
NameArray:0,Win,1,FreeSerif
%EndFont

%BeginFont
Handler:DirectoryHandler
FontType:Type1
FontName:FreeSerifItalic
FamilyName:FreeSerif
StyleName:Italic
FullName:Free Serif Italic
MenuName:FreeSerif
StyleBits:1
WritingScript:Roman
OutlineFileName:C:\Brutus\Dakara\DrDNext\tmp\InDesignTest\UnicodeCharacters\Document fonts\FreeSerifItalic-KErA.otf
DataFormat:sfntData
UsesStandardEncoding:yes
isCFF:yes
hasSVG:no
VariableFontType:NonVariableFont
FileLength:818584
FileModTime:1577535356
WeightClass:400
WidthClass:5
AngleClass:1
NameArray:0,Mac,4,Free Serif Italic
NameArray:0,Win,1,FreeSerif
%EndFont

%BeginFont
Handler:DirectoryHandler
FontType:TrueType
FontName:LastResort
FamilyName:LastResort
StyleName:Regular
FullName:LastResort
MenuName:LastResort
StyleBits:0
WritingScript:Roman
OutlineFileName:C:\Brutus\Dakara\DrDNext\tmp\InDesignTest\UnicodeCharacters\Document fonts\lastresort.ttf
DataFormat:sfntData
hasSVG:no
VariableFontType:NonVariableFont
FileLength:708072
FileModTime:1490478820
WeightClass:400
WidthClass:5
AngleClass:0
NameArray:0,Mac,4,LastResort
%EndFont

%BeginFont
Handler:DirectoryHandler
FontType:Invalid
OutlineFileName:C:\Brutus\Dakara\DrDNext\tmp\InDesignTest\UnicodeCharacters\Document fonts\NotoColorEmoji.ttf
FileModTime:1524581082
%EndFont

%BeginFont
Handler:DirectoryHandler
FontType:TrueType
FontName:Quivira
FamilyName:Quivira
StyleName:Regular
FullName:Quivira
MenuName:Quivira
StyleBits:0
WritingScript:Roman
OutlineFileName:C:\Brutus\Dakara\DrDNext\tmp\InDesignTest\UnicodeCharacters\Document fonts\Quivira.otf
DataFormat:sfntData
hasSVG:no
VariableFontType:NonVariableFont
FileLength:1475236
FileModTime:1468985140
WeightClass:400
WidthClass:5
AngleClass:0
NameArray:0,Mac,4,Quivira
NameArray:0,Win,1,Quivira
%EndFont

%BeginFont
Handler:DirectoryHandler
FontType:TrueType
FontName:Symbola
FamilyName:Symbola
StyleName:Regular
FullName:Symbola
MenuName:Symbola
StyleBits:0
FamilyNameNative:Symbola
StyleNameNative:Regular
FullNameNative:Symbola Regular
WritingScript:Cyrillic
OutlineFileName:C:\Brutus\Dakara\DrDNext\tmp\InDesignTest\UnicodeCharacters\Document fonts\Symbola.ttf
DataFormat:sfntData
hasSVG:no
VariableFontType:NonVariableFont
FileLength:2240100
FileModTime:1467672840
WeightClass:400
WidthClass:4
AngleClass:0
NameArray:0,Mac,4,Symbola
NameArray:0,Win,1,Symbola
%EndFont

%BeginFont
Handler:DirectoryHandler
FontType:TrueType
FontName:Symbola
FamilyName:Symbola
StyleName:Regular
FullName:Symbola
MenuName:Symbola
StyleBits:0
FamilyNameNative:Symbola
StyleNameNative:Regular
FullNameNative:Symbola Regular
WritingScript:Cyrillic
OutlineFileName:C:\Brutus\Dakara\DrDNext\tmp\InDesignTest\UnicodeCharacters\Document fonts\Symbola_hint.ttf
DataFormat:sfntData
hasSVG:no
VariableFontType:NonVariableFont
FileLength:3090932
FileModTime:1467672874
WeightClass:400
WidthClass:4
AngleClass:0
NameArray:0,Mac,4,Symbola
NameArray:0,Win,1,Symbola
%EndFont

%BeginFont
Handler:DirectoryHandler
FontType:TrueType
FontName:UnicodeBMPFallbackSIL
FamilyName:Unicode BMP Fallback SIL
StyleName:Regular
FullName:Unicode BMP Fallback SIL
MenuName:Unicode BMP Fallback SIL
StyleBits:0
FamilyNameNative:Unicode BMP Fallback SIL
StyleNameNative:Regular
FullNameNative:Unicode BMP Fallback SIL Regular
WritingScript:Korean
OutlineFileName:C:\Brutus\Dakara\DrDNext\tmp\InDesignTest\UnicodeCharacters\Document fonts\UnicodeBMPFallback51.ttf
DataFormat:sfntData
hasSVG:no
VariableFontType:NonVariableFont
FileLength:3976660
FileModTime:1601243494
WeightClass:400
WidthClass:5
AngleClass:0
NameArray:0,Mac,4,Unicode BMP Fallback SIL
NameArray:0,Win,1,Unicode BMP Fallback SIL
NameArray:0,Win,1,Spanish Unicode BMP Fallback SIL
%EndFont

